00:55:46 启动 headless 失败: Message: session not created: This version of Microsoft Edge WebDriver only supports Microsoft Edge version 149
Current browser version is 151.0.4129.59 with binary path C:\Program Files (x86)\Microsoft\Edge\Application\msedge.exe; For documentation on this error, please visit: https://www.selenium.dev/documentation/webdriver/troubleshooting/errors#sessionnotcreatedexception
Stacktrace:
	msedgedriver!GetHandleVerifier [0x7ff616faf205+e065]
	msedgedriver!GetHandleVerifier [0x7ff616faf264+e0c4]
	msedgedriver!GetHandleVerifier [0x7ff61762c9ea+68b84a]
	msedgedriver!(No symbol) [0x7ff616981442]
	msedgedriver!(No symbol) [0x7ff61698095b]
	msedgedriver!(No symbol) [0x7ff61697c0c9]
	msedgedriver!(No symbol) [0x7ff616978988]
	msedgedriver!(No symbol) [0x7ff6169b9203]
	msedgedriver!(No symbol) [0x7ff6169b8b96]
	msedgedriver!(No symbol) [0x7ff61698487c]
	msedgedriver!(No symbol) [0x7ff616983ad6]
	msedgedriver!(No symbol) [0x7ff6169846a3]
	msedgedriver!(No symbol) [0x7ff616beed81]
	msedgedriver!(No symbol) [0x7ff616beb4d8]
	msedgedriver!(No symbol) [0x7ff616bfbf65]
	msedgedriver!GetHandleVerifier [0x7ff616fcb1b1+2a011]
	msedgedriver!GetHandleVerifier [0x7ff616fd3f56+32db6]
	msedgedriver!GetHandleVerifier [0x7ff616fb6cc4+15b24]
	msedgedriver!GetHandleVerifier [0x7ff616fb6de5+15c45]
	msedgedriver!GetHandleVerifier [0x7ff616fa3693+24f3]
	KERNEL32!BaseThreadInitThunk [0x7ffa29aaccb7+17]
	ntdll!RtlUserThreadStart [0x7ffa2b4aad6c+2c]
，回退到有头模式
00:55:49 浏览器启动彻底失败: Message: session not created: This version of Microsoft Edge WebDriver only supports Microsoft Edge version 149
Current browser version is 151.0.4129.59 with binary path C:\Program Files (x86)\Microsoft\Edge\Application\msedge.exe; For documentation on this error, please visit: https://www.selenium.dev/documentation/webdriver/troubleshooting/errors#sessionnotcreatedexception
Stacktrace:
	msedgedriver!GetHandleVerifier [0x7ff616faf205+e065]
	msedgedriver!GetHandleVerifier [0x7ff616faf264+e0c4]
	msedgedriver!GetHandleVerifier [0x7ff61762c9ea+68b84a]
	msedgedriver!(No symbol) [0x7ff616981442]
	msedgedriver!(No symbol) [0x7ff61698095b]
	msedgedriver!(No symbol) [0x7ff61697c0c9]
	msedgedriver!(No symbol) [0x7ff616978988]
	msedgedriver!(No symbol) [0x7ff6169b9203]
	msedgedriver!(No symbol) [0x7ff6169b8b96]
	msedgedriver!(No symbol) [0x7ff61698487c]
	msedgedriver!(No symbol) [0x7ff616983ad6]
	msedgedriver!(No symbol) [0x7ff6169846a3]
	msedgedriver!(No symbol) [0x7ff616beed81]
	msedgedriver!(No symbol) [0x7ff616beb4d8]
	msedgedriver!(No symbol) [0x7ff616bfbf65]
	msedgedriver!GetHandleVerifier [0x7ff616fcb1b1+2a011]
	msedgedriver!GetHandleVerifier [0x7ff616fd3f56+32db6]
	msedgedriver!GetHandleVerifier [0x7ff616fb6cc4+15b24]
	msedgedriver!GetHandleVerifier [0x7ff616fb6de5+15c45]
	msedgedriver!GetHandleVerifier [0x7ff616fa3693+24f3]
	KERNEL32!BaseThreadInitThunk [0x7ffa29aaccb7+17]
	ntdll!RtlUserThreadStart [0x7ffa2b4aad6c+2c]

00:56:29 启动 headless 失败: Message: session not created: This version of Microsoft Edge WebDriver only supports Microsoft Edge version 149
Current browser version is 151.0.4129.59 with binary path C:\Program Files (x86)\Microsoft\Edge\Application\msedge.exe; For documentation on this error, please visit: https://www.selenium.dev/documentation/webdriver/troubleshooting/errors#sessionnotcreatedexception
Stacktrace:
	msedgedriver!GetHandleVerifier [0x7ff616faf205+e065]
	msedgedriver!GetHandleVerifier [0x7ff616faf264+e0c4]
	msedgedriver!GetHandleVerifier [0x7ff61762c9ea+68b84a]
	msedgedriver!(No symbol) [0x7ff616981442]
	msedgedriver!(No symbol) [0x7ff61698095b]
	msedgedriver!(No symbol) [0x7ff61697c0c9]
	msedgedriver!(No symbol) [0x7ff616978988]
	msedgedriver!(No symbol) [0x7ff6169b9203]
	msedgedriver!(No symbol) [0x7ff6169b8b96]
	msedgedriver!(No symbol) [0x7ff61698487c]
	msedgedriver!(No symbol) [0x7ff616983ad6]
	msedgedriver!(No symbol) [0x7ff6169846a3]
	msedgedriver!(No symbol) [0x7ff616beed81]
	msedgedriver!(No symbol) [0x7ff616beb4d8]
	msedgedriver!(No symbol) [0x7ff616bfbf65]
	msedgedriver!GetHandleVerifier [0x7ff616fcb1b1+2a011]
	msedgedriver!GetHandleVerifier [0x7ff616fd3f56+32db6]
	msedgedriver!GetHandleVerifier [0x7ff616fb6cc4+15b24]
	msedgedriver!GetHandleVerifier [0x7ff616fb6de5+15c45]
	msedgedriver!GetHandleVerifier [0x7ff616fa3693+24f3]
	KERNEL32!BaseThreadInitThunk [0x7ffa29aaccb7+17]
	ntdll!RtlUserThreadStart [0x7ffa2b4aad6c+2c]
，回退到有头模式
00:56:32 浏览器启动彻底失败: Message: session not created: This version of Microsoft Edge WebDriver only supports Microsoft Edge version 149
Current browser version is 151.0.4129.59 with binary path C:\Program Files (x86)\Microsoft\Edge\Application\msedge.exe; For documentation on this error, please visit: https://www.selenium.dev/documentation/webdriver/troubleshooting/errors#sessionnotcreatedexception
Stacktrace:
	msedgedriver!GetHandleVerifier [0x7ff616faf205+e065]
	msedgedriver!GetHandleVerifier [0x7ff616faf264+e0c4]
	msedgedriver!GetHandleVerifier [0x7ff61762c9ea+68b84a]
	msedgedriver!(No symbol) [0x7ff616981442]
	msedgedriver!(No symbol) [0x7ff61698095b]
	msedgedriver!(No symbol) [0x7ff61697c0c9]
	msedgedriver!(No symbol) [0x7ff616978988]
	msedgedriver!(No symbol) [0x7ff6169b9203]
	msedgedriver!(No symbol) [0x7ff6169b8b96]
	msedgedriver!(No symbol) [0x7ff61698487c]
	msedgedriver!(No symbol) [0x7ff616983ad6]
	msedgedriver!(No symbol) [0x7ff6169846a3]
	msedgedriver!(No symbol) [0x7ff616beed81]
	msedgedriver!(No symbol) [0x7ff616beb4d8]
	msedgedriver!(No symbol) [0x7ff616bfbf65]
	msedgedriver!GetHandleVerifier [0x7ff616fcb1b1+2a011]
	msedgedriver!GetHandleVerifier [0x7ff616fd3f56+32db6]
	msedgedriver!GetHandleVerifier [0x7ff616fb6cc4+15b24]
	msedgedriver!GetHandleVerifier [0x7ff616fb6de5+15c45]
	msedgedriver!GetHandleVerifier [0x7ff616fa3693+24f3]
	KERNEL32!BaseThreadInitThunk [0x7ffa29aaccb7+17]
	ntdll!RtlUserThreadStart [0x7ffa2b4aad6c+2c]

